TpTrace Verbose: 0 : 16228, 2, 2025/09/25, 13:28:25.954, 10727746983446, datacollector.dll, Version: 17.14.1-release-25302-01
TpTrace Information: 0 : 16228, 2, 2025/09/25, 13:28:25.957, 10727747019604, datacollector.dll, DataCollectorMain.Run: Starting data collector run with args: --port,64234,--parentprocessid,6584,--diag,D:\Automation\WWT-Automation\bin\Debug\net8.0\fine-code-coverage\coverage-tool-output\diagnostics.datacollector.25-09-25_13-28-25_84770_5.log,--tracelevel,4
TpTrace Information: 0 : 16228, 2, 2025/09/25, 13:28:25.957, 10727747020588, datacollector.dll, DataCollector: Monitoring parent process with id: '6584'
TpTrace Information: 0 : 16228, 2, 2025/09/25, 13:28:25.964, 10727747086254, datacollector.dll, Trying to connect to server on socket : 127.0.0.1:64234 
TpTrace Verbose: 0 : 16228, 2, 2025/09/25, 13:28:25.976, 10727747201727, datacollector.dll, SocketCommunicationManager : SetupClientAsync : Attempting to connect to the server.
TpTrace Information: 0 : 16228, 6, 2025/09/25, 13:28:25.982, 10727747264685, datacollector.dll, Connected to the server successfully 
TpTrace Information: 0 : 16228, 6, 2025/09/25, 13:28:25.982, 10727747265445, datacollector.dll, Using the buffer size of 16384 bytes
TpTrace Information: 0 : 16228, 2, 2025/09/25, 13:28:26.021, 10727747660424, datacollector.dll, DataCollector: Start Request Processing.
TpTrace Verbose: 0 : 16228, 2, 2025/09/25, 13:28:26.022, 10727747662472, datacollector.dll, SocketCommunicationManager.WaitForServerConnection took: 0 ms, with 90000 ms timeout, and finished with True.
TpTrace Information: 0 : 16228, 2, 2025/09/25, 13:28:26.022, 10727747665090, datacollector.dll, DataCollectionRequestHandler.ProcessRequests: Datacollector received message: (DataCollection.BeforeTestRunStart) -> {"MessageType":"DataCollection.BeforeTestRunStart","Payload":{"SettingsXml":"<RunSettings><RunConfiguration><ResultsDirectory>D:\\Automation\\WWT-Automation\\bin\\Debug\\net8.0\\fine-code-coverage\\coverage-tool-output</ResultsDirectory><TargetPlatform>X64</TargetPlatform><TargetFrameworkVersion>.NETCoreApp,Version=v8.0</TargetFrameworkVersion><DesignMode>False</DesignMode><CollectSourceInformation>False</CollectSourceInformation><TestAdaptersPaths>C:\\Program Files\\dotnet\\sdk\\9.0.304\\Extensions</TestAdaptersPaths></RunConfiguration><LoggerRunSettings><Loggers><Logger friendlyName=\"blame\" enabled=\"True\" /><Logger friendlyName=\"Console\" uri=\"logger://microsoft/TestPlatform/ConsoleLogger/v1\" assemblyQualifiedName=\"Microsoft.VisualStudio.TestPlatform.CommandLine.Internal.ConsoleLogger, vstest.console, Version=15.0.0.0, Culture=neutral, PublicKeyToken=b03f5f7f11d50a3a\" codeBase=\"C:\\Program Files\\dotnet\\sdk\\9.0.304\\vstest.console.dll\" enabled=\"True\" /></Loggers></LoggerRunSettings><DataCollectionRunSettings><DataCollectors><DataCollector friendlyName=\"blame\" enabled=\"True\"><Configuration><ResultsDirectory>D:\\Automation\\WWT-Automation\\bin\\Debug\\net8.0\\fine-code-coverage\\coverage-tool-output</ResultsDirectory></Configuration></DataCollector></DataCollectors></DataCollectionRunSettings></RunSettings>","Sources":["D:\\Automation\\WWT-Automation\\bin\\Debug\\net8.0\\fine-code-coverage\\build-output\\WWT-Automation.dll"],"IsTelemetryOptedIn":false}}
TpTrace Verbose: 0 : 16228, 2, 2025/09/25, 13:28:26.050, 10727747950922, datacollector.dll, TestPluginCache: Update extensions started. Skip filter = False
TpTrace Verbose: 0 : 16228, 2, 2025/09/25, 13:28:26.051, 10727747956487, datacollector.dll, TestPluginCache: Using directories for assembly resolution 'C:\Program Files\dotnet\sdk\9.0.304\Extensions'.
TpTrace Verbose: 0 : 16228, 2, 2025/09/25, 13:28:26.051, 10727747957204, datacollector.dll, TestPluginCache: Updated the available extensions to 'C:\Program Files\dotnet\sdk\9.0.304\Extensions\Microsoft.TestPlatform.Extensions.BlameDataCollector.dll,C:\Program Files\dotnet\sdk\9.0.304\Extensions\Microsoft.TestPlatform.Extensions.EventLogCollector.dll'.
TpTrace Verbose: 0 : 16228, 2, 2025/09/25, 13:28:26.055, 10727747994537, datacollector.dll, TestPluginCache.DiscoverTestExtensions: finding test extensions in assemblies ends with: Collector.dll TPluginInfo: Microsoft.VisualStudio.TestPlatform.Common.DataCollector.DataCollectorConfig TExtension: Microsoft.VisualStudio.TestPlatform.ObjectModel.DataCollection.DataCollector
TpTrace Verbose: 0 : 16228, 2, 2025/09/25, 13:28:26.056, 10727748002692, datacollector.dll, TestPluginCache.GetExtensionPaths: Filtered extension paths: C:\Program Files\dotnet\sdk\9.0.304\Extensions\Microsoft.TestPlatform.Extensions.BlameDataCollector.dll
C:\Program Files\dotnet\sdk\9.0.304\Extensions\Microsoft.TestPlatform.Extensions.EventLogCollector.dll
TpTrace Verbose: 0 : 16228, 2, 2025/09/25, 13:28:26.056, 10727748003255, datacollector.dll, TestPluginCache.GetExtensionPaths: Added default extension paths: 
TpTrace Verbose: 0 : 16228, 2, 2025/09/25, 13:28:26.056, 10727748003587, datacollector.dll, TestPluginCache.GetExtensionPaths: Added unfilterableExtensionPaths: 
TpTrace Information: 0 : 16228, 2, 2025/09/25, 13:28:26.056, 10727748007872, datacollector.dll, AssemblyResolver.ctor: Creating AssemblyResolver with searchDirectories C:\Program Files\dotnet\sdk\9.0.304\Extensions,C:\Program Files\dotnet\sdk\9.0.304
TpTrace Verbose: 0 : 16228, 2, 2025/09/25, 13:28:26.057, 10727748015301, datacollector.dll, TestPluginCache.DiscoverTestExtensions: Discovering the extensions using extension path.
TpTrace Verbose: 0 : 16228, 2, 2025/09/25, 13:28:26.057, 10727748016273, datacollector.dll, TestPluginCache.GetExtensionPaths: Filtered extension paths: C:\Program Files\dotnet\sdk\9.0.304\Extensions\Microsoft.TestPlatform.Extensions.BlameDataCollector.dll
C:\Program Files\dotnet\sdk\9.0.304\Extensions\Microsoft.TestPlatform.Extensions.EventLogCollector.dll
TpTrace Verbose: 0 : 16228, 2, 2025/09/25, 13:28:26.057, 10727748016686, datacollector.dll, TestPluginCache.GetExtensionPaths: Added default extension paths: 
TpTrace Verbose: 0 : 16228, 2, 2025/09/25, 13:28:26.057, 10727748016996, datacollector.dll, TestPluginCache.GetExtensionPaths: Added unfilterableExtensionPaths: 
TpTrace Verbose: 0 : 16228, 2, 2025/09/25, 13:28:26.057, 10727748017474, datacollector.dll, TestPluginCache.DiscoverTestExtensions: Discovering the extensions using allExtensionPaths: C:\Program Files\dotnet\sdk\9.0.304\Extensions\Microsoft.TestPlatform.Extensions.BlameDataCollector.dll
C:\Program Files\dotnet\sdk\9.0.304\Extensions\Microsoft.TestPlatform.Extensions.EventLogCollector.dll
TpTrace Information: 0 : 16228, 2, 2025/09/25, 13:28:26.057, 10727748018218, datacollector.dll, AssemblyResolver.AddSearchDirectories: Adding more searchDirectories C:\Program Files\dotnet\sdk\9.0.304\Extensions,C:\Program Files\dotnet\sdk\9.0.304
TpTrace Information: 0 : 16228, 2, 2025/09/25, 13:28:26.057, 10727748018708, datacollector.dll, AssemblyResolver.AddSearchDirectories: Adding more searchDirectories C:\Program Files\dotnet\sdk\9.0.304\Extensions,C:\Program Files\dotnet\sdk\9.0.304
TpTrace Information: 0 : 16228, 2, 2025/09/25, 13:28:26.058, 10727748021597, datacollector.dll, AssemblyResolver.OnResolve: Microsoft.TestPlatform.Extensions.BlameDataCollector: Resolving assembly.
TpTrace Information: 0 : 16228, 2, 2025/09/25, 13:28:26.058, 10727748022229, datacollector.dll, AssemblyResolver.OnResolve: Microsoft.TestPlatform.Extensions.BlameDataCollector: Searching in: 'C:\Program Files\dotnet\sdk\9.0.304\Extensions'.
TpTrace Information: 0 : 16228, 2, 2025/09/25, 13:28:26.068, 10727748121399, datacollector.dll, AssemblyResolver.OnResolve: Microsoft.TestPlatform.Extensions.BlameDataCollector: Loading assembly 'C:\Program Files\dotnet\sdk\9.0.304\Extensions\Microsoft.TestPlatform.Extensions.BlameDataCollector.dll'.
TpTrace Information: 0 : 16228, 2, 2025/09/25, 13:28:26.068, 10727748126980, datacollector.dll, AssemblyResolver.OnResolve: Resolved assembly: Microsoft.TestPlatform.Extensions.BlameDataCollector, from path: C:\Program Files\dotnet\sdk\9.0.304\Extensions\Microsoft.TestPlatform.Extensions.BlameDataCollector.dll
TpTrace Verbose: 0 : 16228, 2, 2025/09/25, 13:28:26.069, 10727748133644, datacollector.dll, MetadataReaderExtensionsHelper: Discovering extensions inside assembly 'Microsoft.TestPlatform.Extensions.BlameDataCollector, Version=15.0.0.0, Culture=neutral, PublicKeyToken=b03f5f7f11d50a3a' file path 'C:\Program Files\dotnet\sdk\9.0.304\Extensions\Microsoft.TestPlatform.Extensions.BlameDataCollector.dll'
TpTrace Error: 0 : 16228, 2, 2025/09/25, 13:28:26.070, 10727748150640, datacollector.dll, The type "Microsoft.TestPlatform.Extensions.BlameDataCollector.BlameCollector" defined in "Microsoft.TestPlatform.Extensions.BlameDataCollector.dll" does not have ExtensionUri attribute.
TpTrace Information: 0 : 16228, 2, 2025/09/25, 13:28:26.073, 10727748176715, datacollector.dll, GetTestExtensionFromType: Register extension with identifier data 'datacollector://microsoft/TestPlatform/Extensions/Blame/v1' and type 'Microsoft.TestPlatform.Extensions.BlameDataCollector.BlameCollector, Microsoft.TestPlatform.Extensions.BlameDataCollector, Version=15.0.0.0, Culture=neutral, PublicKeyToken=b03f5f7f11d50a3a' inside file 'C:\Program Files\dotnet\sdk\9.0.304\Extensions\Microsoft.TestPlatform.Extensions.BlameDataCollector.dll'
TpTrace Information: 0 : 16228, 2, 2025/09/25, 13:28:26.073, 10727748177957, datacollector.dll, AssemblyResolver.OnResolve: Microsoft.TestPlatform.Extensions.EventLogCollector: Resolving assembly.
TpTrace Information: 0 : 16228, 2, 2025/09/25, 13:28:26.073, 10727748178478, datacollector.dll, AssemblyResolver.OnResolve: Microsoft.TestPlatform.Extensions.EventLogCollector: Searching in: 'C:\Program Files\dotnet\sdk\9.0.304\Extensions'.
TpTrace Information: 0 : 16228, 2, 2025/09/25, 13:28:26.074, 10727748181874, datacollector.dll, AssemblyResolver.OnResolve: Microsoft.TestPlatform.Extensions.EventLogCollector: Loading assembly 'C:\Program Files\dotnet\sdk\9.0.304\Extensions\Microsoft.TestPlatform.Extensions.EventLogCollector.dll'.
TpTrace Information: 0 : 16228, 2, 2025/09/25, 13:28:26.074, 10727748185376, datacollector.dll, AssemblyResolver.OnResolve: Resolved assembly: Microsoft.TestPlatform.Extensions.EventLogCollector, from path: C:\Program Files\dotnet\sdk\9.0.304\Extensions\Microsoft.TestPlatform.Extensions.EventLogCollector.dll
TpTrace Verbose: 0 : 16228, 2, 2025/09/25, 13:28:26.074, 10727748186154, datacollector.dll, MetadataReaderExtensionsHelper: Discovering extensions inside assembly 'Microsoft.TestPlatform.Extensions.EventLogCollector, Version=15.0.0.0, Culture=neutral, PublicKeyToken=b03f5f7f11d50a3a' file path 'C:\Program Files\dotnet\sdk\9.0.304\Extensions\Microsoft.TestPlatform.Extensions.EventLogCollector.dll'
TpTrace Error: 0 : 16228, 2, 2025/09/25, 13:28:26.076, 10727748202911, datacollector.dll, The type "Microsoft.TestPlatform.Extensions.EventLogCollector.EventLogDataCollector" defined in "Microsoft.TestPlatform.Extensions.EventLogCollector.dll" does not have ExtensionUri attribute.
TpTrace Information: 0 : 16228, 2, 2025/09/25, 13:28:26.076, 10727748205152, datacollector.dll, GetTestExtensionFromType: Register extension with identifier data 'datacollector://microsoft/EventLog/2.0' and type 'Microsoft.TestPlatform.Extensions.EventLogCollector.EventLogDataCollector, Microsoft.TestPlatform.Extensions.EventLogCollector, Version=15.0.0.0, Culture=neutral, PublicKeyToken=b03f5f7f11d50a3a' inside file 'C:\Program Files\dotnet\sdk\9.0.304\Extensions\Microsoft.TestPlatform.Extensions.EventLogCollector.dll'
TpTrace Verbose: 0 : 16228, 2, 2025/09/25, 13:28:26.076, 10727748206851, datacollector.dll, TestPluginCache: Discovered the extensions using extension path 'C:\Program Files\dotnet\sdk\9.0.304\Extensions\Microsoft.TestPlatform.Extensions.BlameDataCollector.dll,C:\Program Files\dotnet\sdk\9.0.304\Extensions\Microsoft.TestPlatform.Extensions.EventLogCollector.dll'.
TpTrace Verbose: 0 : 16228, 2, 2025/09/25, 13:28:26.076, 10727748207339, datacollector.dll, TestPluginCache: Discoverers are ''.
TpTrace Verbose: 0 : 16228, 2, 2025/09/25, 13:28:26.076, 10727748207659, datacollector.dll, TestPluginCache: Executors are ''.
TpTrace Verbose: 0 : 16228, 2, 2025/09/25, 13:28:26.076, 10727748207951, datacollector.dll, TestPluginCache: Executors2 are ''.
TpTrace Verbose: 0 : 16228, 2, 2025/09/25, 13:28:26.076, 10727748208267, datacollector.dll, TestPluginCache: Setting providers are ''.
TpTrace Verbose: 0 : 16228, 2, 2025/09/25, 13:28:26.076, 10727748208574, datacollector.dll, TestPluginCache: Loggers are ''.
TpTrace Verbose: 0 : 16228, 2, 2025/09/25, 13:28:26.076, 10727748208861, datacollector.dll, TestPluginCache: TestHosts are ''.
TpTrace Verbose: 0 : 16228, 2, 2025/09/25, 13:28:26.076, 10727748210197, datacollector.dll, TestPluginCache: DataCollectors are 'datacollector://microsoft/TestPlatform/Extensions/Blame/v1,datacollector://microsoft/EventLog/2.0'.
TpTrace Information: 0 : 16228, 2, 2025/09/25, 13:28:26.078, 10727748227197, datacollector.dll, TestPluginManager.CreateTestExtension: Attempting to load test extension: Microsoft.TestPlatform.Extensions.BlameDataCollector.BlameCollector
TpTrace Information: 0 : 16228, 2, 2025/09/25, 13:28:26.080, 10727748250262, datacollector.dll, [MonitorPostmortemDump]Monitor enabled: 'False'
TpTrace Verbose: 0 : 16228, 2, 2025/09/25, 13:28:26.081, 10727748254990, datacollector.dll, MulticastDelegateUtilities.SafeInvoke: DataCollectionEvents.SessionStart: Invoking callbacks was skipped because there are no subscribers.
TpTrace Information: 0 : 16228, 2, 2025/09/25, 13:28:26.081, 10727748259150, datacollector.dll, Listening on Endpoint : 127.0.0.1:64237
TpTrace Information: 0 : 16228, 2, 2025/09/25, 13:28:26.085, 10727748299463, datacollector.dll, DataCollectionRequestHandler.ProcessRequests : DataCollection started.
TpTrace Information: 0 : 16228, 2, 2025/09/25, 13:28:26.099, 10727748435545, datacollector.dll, DataCollectionRequestHandler.ProcessRequests: Datacollector received message: (DataCollection.TestHostLaunched) -> {"MessageType":"DataCollection.TestHostLaunched","Payload":{"ProcessId":22116}}
TpTrace Verbose: 0 : 16228, 2, 2025/09/25, 13:28:26.100, 10727748446579, datacollector.dll, MulticastDelegateUtilities.SafeInvoke: DataCollectionEvents.TestHostLaunched: Invoking callback 1/1 for Microsoft.TestPlatform.Extensions.BlameDataCollector.BlameCollector., took 0 ms.
TpTrace Information: 0 : 16228, 8, 2025/09/25, 13:28:26.248, 10727749923787, datacollector.dll, Using the buffer size of 16384 bytes
TpTrace Verbose: 0 : 16228, 6, 2025/09/25, 13:28:26.248, 10727749923854, datacollector.dll, SocketCommunicationManager.WaitForClientConnection took: 164 ms, with 90000 ms timeout, and finished with True.
TpTrace Information: 0 : 16228, 8, 2025/09/25, 13:28:26.248, 10727749924687, datacollector.dll, Accepted Client request and set the flag
TpTrace Information: 0 : 16228, 6, 2025/09/25, 13:28:26.571, 10727753152842, datacollector.dll, DataCollectionTestCaseEventHandler: Test case starting.
TpTrace Information: 0 : 16228, 6, 2025/09/25, 13:28:26.578, 10727753226804, datacollector.dll, BlameCollector.EventsTestCaseStart: Test Case Start
TpTrace Verbose: 0 : 16228, 6, 2025/09/25, 13:28:26.578, 10727753228429, datacollector.dll, MulticastDelegateUtilities.SafeInvoke: DataCollectionEvents.TestCaseStart: Invoking callback 1/1 for Microsoft.TestPlatform.Extensions.BlameDataCollector.BlameCollector., took 0 ms.
TpTrace Information: 0 : 16228, 6, 2025/09/25, 13:28:26.578, 10727753230184, datacollector.dll, DataCollectionTestCaseEventHandler: Test case 'MerchantProfilesLookup_FilterMerchants_DisplayFilteredMerchants - 30d5bb5d-9568-2d0c-1567-5bd7bf82f68f' started.
TpTrace Information: 0 : 16228, 6, 2025/09/25, 13:28:41.960, 10727907045877, datacollector.dll, DataCollectionTestCaseEventHandler: Test case completing.
TpTrace Information: 0 : 16228, 6, 2025/09/25, 13:28:41.963, 10727907077617, datacollector.dll, BlameCollector.EventsTestCaseEnd: Test Case End
TpTrace Verbose: 0 : 16228, 6, 2025/09/25, 13:28:41.963, 10727907079782, datacollector.dll, MulticastDelegateUtilities.SafeInvoke: DataCollectionEvents.TestCaseEnd: Invoking callback 1/1 for Microsoft.TestPlatform.Extensions.BlameDataCollector.BlameCollector., took 0 ms.
TpTrace Information: 0 : 16228, 6, 2025/09/25, 13:28:41.965, 10727907093472, datacollector.dll, DataCollectionTestCaseEventHandler: Test case 'MerchantProfilesLookup_FilterMerchants_DisplayFilteredMerchants - 30d5bb5d-9568-2d0c-1567-5bd7bf82f68f' completed
TpTrace Information: 0 : 16228, 6, 2025/09/25, 13:28:41.975, 10727907199462, datacollector.dll, DataCollectionTestCaseEventHandler: Test case starting.
TpTrace Information: 0 : 16228, 6, 2025/09/25, 13:28:41.976, 10727907206920, datacollector.dll, BlameCollector.EventsTestCaseStart: Test Case Start
TpTrace Verbose: 0 : 16228, 6, 2025/09/25, 13:28:41.976, 10727907207739, datacollector.dll, MulticastDelegateUtilities.SafeInvoke: DataCollectionEvents.TestCaseStart: Invoking callback 1/1 for Microsoft.TestPlatform.Extensions.BlameDataCollector.BlameCollector., took 0 ms.
TpTrace Information: 0 : 16228, 6, 2025/09/25, 13:28:41.976, 10727907209123, datacollector.dll, DataCollectionTestCaseEventHandler: Test case 'MerchantProfilesLookup_SearchForMerchant_MerchantIsDisplayed - 59be5f2d-8278-3fdc-7913-6e796a802d85' started.
TpTrace Information: 0 : 16228, 6, 2025/09/25, 13:28:52.820, 10728015641563, datacollector.dll, DataCollectionTestCaseEventHandler: Test case completing.
TpTrace Information: 0 : 16228, 6, 2025/09/25, 13:28:52.820, 10728015648727, datacollector.dll, BlameCollector.EventsTestCaseEnd: Test Case End
TpTrace Verbose: 0 : 16228, 6, 2025/09/25, 13:28:52.820, 10728015649517, datacollector.dll, MulticastDelegateUtilities.SafeInvoke: DataCollectionEvents.TestCaseEnd: Invoking callback 1/1 for Microsoft.TestPlatform.Extensions.BlameDataCollector.BlameCollector., took 0 ms.
TpTrace Information: 0 : 16228, 6, 2025/09/25, 13:28:52.821, 10728015651535, datacollector.dll, DataCollectionTestCaseEventHandler: Test case 'MerchantProfilesLookup_SearchForMerchant_MerchantIsDisplayed - 59be5f2d-8278-3fdc-7913-6e796a802d85' completed
TpTrace Information: 0 : 16228, 6, 2025/09/25, 13:28:52.826, 10728015705792, datacollector.dll, DataCollectionTestCaseEventHandler: Test case starting.
TpTrace Information: 0 : 16228, 6, 2025/09/25, 13:28:52.827, 10728015714981, datacollector.dll, BlameCollector.EventsTestCaseStart: Test Case Start
TpTrace Verbose: 0 : 16228, 6, 2025/09/25, 13:28:52.827, 10728015716078, datacollector.dll, MulticastDelegateUtilities.SafeInvoke: DataCollectionEvents.TestCaseStart: Invoking callback 1/1 for Microsoft.TestPlatform.Extensions.BlameDataCollector.BlameCollector., took 0 ms.
TpTrace Information: 0 : 16228, 6, 2025/09/25, 13:28:52.827, 10728015717987, datacollector.dll, DataCollectionTestCaseEventHandler: Test case 'SignIn_InvalidPassword_ErrorMessage - 1d138616-26a8-8378-1bb0-e830bc21462a' started.
TpTrace Information: 0 : 16228, 6, 2025/09/25, 13:28:55.064, 10728038083722, datacollector.dll, DataCollectionTestCaseEventHandler: Test case completing.
TpTrace Information: 0 : 16228, 6, 2025/09/25, 13:28:55.064, 10728038087475, datacollector.dll, BlameCollector.EventsTestCaseEnd: Test Case End
TpTrace Verbose: 0 : 16228, 6, 2025/09/25, 13:28:55.064, 10728038088142, datacollector.dll, MulticastDelegateUtilities.SafeInvoke: DataCollectionEvents.TestCaseEnd: Invoking callback 1/1 for Microsoft.TestPlatform.Extensions.BlameDataCollector.BlameCollector., took 0 ms.
TpTrace Information: 0 : 16228, 6, 2025/09/25, 13:28:55.064, 10728038089452, datacollector.dll, DataCollectionTestCaseEventHandler: Test case 'SignIn_InvalidPassword_ErrorMessage - 1d138616-26a8-8378-1bb0-e830bc21462a' completed
TpTrace Information: 0 : 16228, 6, 2025/09/25, 13:28:55.065, 10728038099813, datacollector.dll, DataCollectionTestCaseEventHandler: Test case starting.
TpTrace Information: 0 : 16228, 6, 2025/09/25, 13:28:55.066, 10728038102334, datacollector.dll, BlameCollector.EventsTestCaseStart: Test Case Start
TpTrace Verbose: 0 : 16228, 6, 2025/09/25, 13:28:55.066, 10728038103352, datacollector.dll, MulticastDelegateUtilities.SafeInvoke: DataCollectionEvents.TestCaseStart: Invoking callback 1/1 for Microsoft.TestPlatform.Extensions.BlameDataCollector.BlameCollector., took 0 ms.
TpTrace Information: 0 : 16228, 6, 2025/09/25, 13:28:55.066, 10728038104659, datacollector.dll, DataCollectionTestCaseEventHandler: Test case 'SignIn_InvalidUsername_ErrorMessage - 75706411-ca80-5f69-3353-a87307103444' started.
TpTrace Information: 0 : 16228, 6, 2025/09/25, 13:28:57.326, 10728060710723, datacollector.dll, DataCollectionTestCaseEventHandler: Test case completing.
TpTrace Information: 0 : 16228, 6, 2025/09/25, 13:28:57.327, 10728060714055, datacollector.dll, BlameCollector.EventsTestCaseEnd: Test Case End
TpTrace Verbose: 0 : 16228, 6, 2025/09/25, 13:28:57.327, 10728060714618, datacollector.dll, MulticastDelegateUtilities.SafeInvoke: DataCollectionEvents.TestCaseEnd: Invoking callback 1/1 for Microsoft.TestPlatform.Extensions.BlameDataCollector.BlameCollector., took 0 ms.
TpTrace Information: 0 : 16228, 6, 2025/09/25, 13:28:57.327, 10728060715700, datacollector.dll, DataCollectionTestCaseEventHandler: Test case 'SignIn_InvalidUsername_ErrorMessage - 75706411-ca80-5f69-3353-a87307103444' completed
TpTrace Information: 0 : 16228, 6, 2025/09/25, 13:28:57.328, 10728060726899, datacollector.dll, DataCollectionTestCaseEventHandler: Test case starting.
TpTrace Information: 0 : 16228, 6, 2025/09/25, 13:28:57.328, 10728060730263, datacollector.dll, BlameCollector.EventsTestCaseStart: Test Case Start
TpTrace Verbose: 0 : 16228, 6, 2025/09/25, 13:28:57.328, 10728060730996, datacollector.dll, MulticastDelegateUtilities.SafeInvoke: DataCollectionEvents.TestCaseStart: Invoking callback 1/1 for Microsoft.TestPlatform.Extensions.BlameDataCollector.BlameCollector., took 0 ms.
TpTrace Information: 0 : 16228, 6, 2025/09/25, 13:28:57.329, 10728060732662, datacollector.dll, DataCollectionTestCaseEventHandler: Test case 'SignIn_ValidCredentials_SuccessfulSignIn - 9df48537-7070-188c-0953-ff8ce55a3600' started.
TpTrace Information: 0 : 16228, 6, 2025/09/25, 13:29:00.907, 10728096513394, datacollector.dll, DataCollectionTestCaseEventHandler: Test case completing.
TpTrace Information: 0 : 16228, 6, 2025/09/25, 13:29:00.907, 10728096519075, datacollector.dll, BlameCollector.EventsTestCaseEnd: Test Case End
TpTrace Verbose: 0 : 16228, 6, 2025/09/25, 13:29:00.907, 10728096520423, datacollector.dll, MulticastDelegateUtilities.SafeInvoke: DataCollectionEvents.TestCaseEnd: Invoking callback 1/1 for Microsoft.TestPlatform.Extensions.BlameDataCollector.BlameCollector., took 0 ms.
TpTrace Information: 0 : 16228, 6, 2025/09/25, 13:29:00.908, 10728096523044, datacollector.dll, DataCollectionTestCaseEventHandler: Test case 'SignIn_ValidCredentials_SuccessfulSignIn - 9df48537-7070-188c-0953-ff8ce55a3600' completed
TpTrace Information: 0 : 16228, 6, 2025/09/25, 13:29:00.909, 10728096536509, datacollector.dll, DataCollectionTestCaseEventHandler: Test case starting.
TpTrace Information: 0 : 16228, 6, 2025/09/25, 13:29:00.910, 10728096541803, datacollector.dll, BlameCollector.EventsTestCaseStart: Test Case Start
TpTrace Verbose: 0 : 16228, 6, 2025/09/25, 13:29:00.910, 10728096542734, datacollector.dll, MulticastDelegateUtilities.SafeInvoke: DataCollectionEvents.TestCaseStart: Invoking callback 1/1 for Microsoft.TestPlatform.Extensions.BlameDataCollector.BlameCollector., took 0 ms.
TpTrace Information: 0 : 16228, 6, 2025/09/25, 13:29:00.910, 10728096544397, datacollector.dll, DataCollectionTestCaseEventHandler: Test case 'SignIn_ValidCredentialsWith2FA_6DigitScreenAppears - 113290f1-28d2-b4e5-8642-09c27e899f77' started.
TpTrace Information: 0 : 16228, 6, 2025/09/25, 13:29:04.618, 10728133623121, datacollector.dll, DataCollectionTestCaseEventHandler: Test case completing.
TpTrace Information: 0 : 16228, 6, 2025/09/25, 13:29:04.618, 10728133626883, datacollector.dll, BlameCollector.EventsTestCaseEnd: Test Case End
TpTrace Verbose: 0 : 16228, 6, 2025/09/25, 13:29:04.618, 10728133627466, datacollector.dll, MulticastDelegateUtilities.SafeInvoke: DataCollectionEvents.TestCaseEnd: Invoking callback 1/1 for Microsoft.TestPlatform.Extensions.BlameDataCollector.BlameCollector., took 0 ms.
TpTrace Information: 0 : 16228, 6, 2025/09/25, 13:29:04.618, 10728133628694, datacollector.dll, DataCollectionTestCaseEventHandler: Test case 'SignIn_ValidCredentialsWith2FA_6DigitScreenAppears - 113290f1-28d2-b4e5-8642-09c27e899f77' completed
TpTrace Information: 0 : 16228, 6, 2025/09/25, 13:29:04.626, 10728133708885, datacollector.dll, DataCollectionTestCaseEventHandler: Test session ended
TpTrace Information: 0 : 16228, 2, 2025/09/25, 13:29:04.656, 10728134008641, datacollector.dll, DataCollectionRequestHandler.ProcessRequests: Datacollector received message: (DataCollection.AfterTestRunEnd) -> {"MessageType":"DataCollection.AfterTestRunEnd","Payload":false}
TpTrace Information: 0 : 16228, 2, 2025/09/25, 13:29:04.657, 10728134016542, datacollector.dll, Blame Collector: Session End
TpTrace Information: 0 : 16228, 2, 2025/09/25, 13:29:04.657, 10728134017503, datacollector.dll, BlameCollector.CollectDumpAndAbortTesthost: Custom path to dump directory was provided via VSTEST_DUMP_PATH. Skipping attachment upload, the caller is responsible for collecting and uploading the dumps themselves.
TpTrace Verbose: 0 : 16228, 2, 2025/09/25, 13:29:04.657, 10728134018610, datacollector.dll, MulticastDelegateUtilities.SafeInvoke: DataCollectionEvents.SessionEnd: Invoking callback 1/1 for Microsoft.TestPlatform.Extensions.BlameDataCollector.BlameCollector., took 0 ms.
TpTrace Information: 0 : 16228, 2, 2025/09/25, 13:29:04.658, 10728134024800, datacollector.dll, DataCollectionManager.CleanupPlugins: CleanupPlugins called
TpTrace Verbose: 0 : 16228, 2, 2025/09/25, 13:29:04.658, 10728134025401, datacollector.dll, DataCollectionManager.CleanupPlugins: Cleaning up 1 plugins
TpTrace Verbose: 0 : 16228, 2, 2025/09/25, 13:29:04.658, 10728134026150, datacollector.dll, dataCollectorInfo.DisposeDataCollector: calling Dispose() on Microsoft.TestPlatform.Extensions.BlameDataCollector.BlameCollector
TpTrace Information: 0 : 16228, 2, 2025/09/25, 13:29:04.658, 10728134026741, datacollector.dll, DataCollectionManager.CleanupPlugins: CleanupPlugins finished
TpTrace Information: 0 : 16228, 2, 2025/09/25, 13:29:04.661, 10728134051735, datacollector.dll, DataCollectionRequestHandler.ProcessRequests : Session End message received from server. Closing the connection.
TpTrace Information: 0 : 16228, 2, 2025/09/25, 13:29:04.661, 10728134053453, datacollector.dll, Closing the connection !
TpTrace Information: 0 : 16228, 2, 2025/09/25, 13:29:04.661, 10728134053902, datacollector.dll, DataCollectionRequestHandler.ProcessRequests : DataCollection completed
TpTrace Information: 0 : 16228, 2, 2025/09/25, 13:29:04.661, 10728134054203, datacollector.dll, Program.Main: exiting datacollector process.
