TpTrace Verbose: 0 : 23956, 2, 2025/09/22, 15:23:00.413, 8204479791805, datacollector.dll, Version: 17.14.1-release-25302-01
TpTrace Information: 0 : 23956, 2, 2025/09/22, 15:23:00.416, 8204479826589, datacollector.dll, DataCollectorMain.Run: Starting data collector run with args: --port,53158,--parentprocessid,25872,--diag,D:\Automation\WWT-Automation\bin\Debug\net8.0\fine-code-coverage\coverage-tool-output\diagnostics.datacollector.25-09-22_15-23-00_32690_5.log,--tracelevel,4
TpTrace Information: 0 : 23956, 2, 2025/09/22, 15:23:00.416, 8204479827295, datacollector.dll, DataCollector: Monitoring parent process with id: '25872'
TpTrace Information: 0 : 23956, 2, 2025/09/22, 15:23:00.423, 8204479894265, datacollector.dll, Trying to connect to server on socket : 127.0.0.1:53158 
TpTrace Verbose: 0 : 23956, 2, 2025/09/22, 15:23:00.432, 8204479990134, datacollector.dll, SocketCommunicationManager : SetupClientAsync : Attempting to connect to the server.
TpTrace Information: 0 : 23956, 6, 2025/09/22, 15:23:00.438, 8204480049616, datacollector.dll, Connected to the server successfully 
TpTrace Information: 0 : 23956, 6, 2025/09/22, 15:23:00.438, 8204480050182, datacollector.dll, Using the buffer size of 16384 bytes
TpTrace Information: 0 : 23956, 2, 2025/09/22, 15:23:00.477, 8204480436099, datacollector.dll, DataCollector: Start Request Processing.
TpTrace Verbose: 0 : 23956, 2, 2025/09/22, 15:23:00.477, 8204480437813, datacollector.dll, SocketCommunicationManager.WaitForServerConnection took: 0 ms, with 90000 ms timeout, and finished with True.
TpTrace Information: 0 : 23956, 2, 2025/09/22, 15:23:00.477, 8204480439744, datacollector.dll, DataCollectionRequestHandler.ProcessRequests: Datacollector received message: (DataCollection.BeforeTestRunStart) -> {"MessageType":"DataCollection.BeforeTestRunStart","Payload":{"SettingsXml":"<RunSettings><RunConfiguration><ResultsDirectory>D:\\Automation\\WWT-Automation\\bin\\Debug\\net8.0\\fine-code-coverage\\coverage-tool-output</ResultsDirectory><TargetPlatform>X64</TargetPlatform><TargetFrameworkVersion>.NETCoreApp,Version=v8.0</TargetFrameworkVersion><DesignMode>False</DesignMode><CollectSourceInformation>False</CollectSourceInformation><TestAdaptersPaths>C:\\Program Files\\dotnet\\sdk\\9.0.304\\Extensions</TestAdaptersPaths></RunConfiguration><LoggerRunSettings><Loggers><Logger friendlyName=\"blame\" enabled=\"True\" /><Logger friendlyName=\"Console\" uri=\"logger://microsoft/TestPlatform/ConsoleLogger/v1\" assemblyQualifiedName=\"Microsoft.VisualStudio.TestPlatform.CommandLine.Internal.ConsoleLogger, vstest.console, Version=15.0.0.0, Culture=neutral, PublicKeyToken=b03f5f7f11d50a3a\" codeBase=\"C:\\Program Files\\dotnet\\sdk\\9.0.304\\vstest.console.dll\" enabled=\"True\" /></Loggers></LoggerRunSettings><DataCollectionRunSettings><DataCollectors><DataCollector friendlyName=\"blame\" enabled=\"True\"><Configuration><ResultsDirectory>D:\\Automation\\WWT-Automation\\bin\\Debug\\net8.0\\fine-code-coverage\\coverage-tool-output</ResultsDirectory></Configuration></DataCollector></DataCollectors></DataCollectionRunSettings></RunSettings>","Sources":["D:\\Automation\\WWT-Automation\\bin\\Debug\\net8.0\\fine-code-coverage\\build-output\\WWT-Automation.dll"],"IsTelemetryOptedIn":false}}
TpTrace Verbose: 0 : 23956, 2, 2025/09/22, 15:23:00.505, 8204480713202, datacollector.dll, TestPluginCache: Update extensions started. Skip filter = False
TpTrace Verbose: 0 : 23956, 2, 2025/09/22, 15:23:00.505, 8204480718219, datacollector.dll, TestPluginCache: Using directories for assembly resolution 'C:\Program Files\dotnet\sdk\9.0.304\Extensions'.
TpTrace Verbose: 0 : 23956, 2, 2025/09/22, 15:23:00.505, 8204480718762, datacollector.dll, TestPluginCache: Updated the available extensions to 'C:\Program Files\dotnet\sdk\9.0.304\Extensions\Microsoft.TestPlatform.Extensions.BlameDataCollector.dll,C:\Program Files\dotnet\sdk\9.0.304\Extensions\Microsoft.TestPlatform.Extensions.EventLogCollector.dll'.
TpTrace Verbose: 0 : 23956, 2, 2025/09/22, 15:23:00.509, 8204480754247, datacollector.dll, TestPluginCache.DiscoverTestExtensions: finding test extensions in assemblies ends with: Collector.dll TPluginInfo: Microsoft.VisualStudio.TestPlatform.Common.DataCollector.DataCollectorConfig TExtension: Microsoft.VisualStudio.TestPlatform.ObjectModel.DataCollection.DataCollector
TpTrace Verbose: 0 : 23956, 2, 2025/09/22, 15:23:00.510, 8204480761919, datacollector.dll, TestPluginCache.GetExtensionPaths: Filtered extension paths: C:\Program Files\dotnet\sdk\9.0.304\Extensions\Microsoft.TestPlatform.Extensions.BlameDataCollector.dll
C:\Program Files\dotnet\sdk\9.0.304\Extensions\Microsoft.TestPlatform.Extensions.EventLogCollector.dll
TpTrace Verbose: 0 : 23956, 2, 2025/09/22, 15:23:00.510, 8204480762391, datacollector.dll, TestPluginCache.GetExtensionPaths: Added default extension paths: 
TpTrace Verbose: 0 : 23956, 2, 2025/09/22, 15:23:00.510, 8204480762621, datacollector.dll, TestPluginCache.GetExtensionPaths: Added unfilterableExtensionPaths: 
TpTrace Information: 0 : 23956, 2, 2025/09/22, 15:23:00.510, 8204480766613, datacollector.dll, AssemblyResolver.ctor: Creating AssemblyResolver with searchDirectories C:\Program Files\dotnet\sdk\9.0.304\Extensions,C:\Program Files\dotnet\sdk\9.0.304
TpTrace Verbose: 0 : 23956, 2, 2025/09/22, 15:23:00.511, 8204480775695, datacollector.dll, TestPluginCache.DiscoverTestExtensions: Discovering the extensions using extension path.
TpTrace Verbose: 0 : 23956, 2, 2025/09/22, 15:23:00.511, 8204480776694, datacollector.dll, TestPluginCache.GetExtensionPaths: Filtered extension paths: C:\Program Files\dotnet\sdk\9.0.304\Extensions\Microsoft.TestPlatform.Extensions.BlameDataCollector.dll
C:\Program Files\dotnet\sdk\9.0.304\Extensions\Microsoft.TestPlatform.Extensions.EventLogCollector.dll
TpTrace Verbose: 0 : 23956, 2, 2025/09/22, 15:23:00.511, 8204480777016, datacollector.dll, TestPluginCache.GetExtensionPaths: Added default extension paths: 
TpTrace Verbose: 0 : 23956, 2, 2025/09/22, 15:23:00.511, 8204480777230, datacollector.dll, TestPluginCache.GetExtensionPaths: Added unfilterableExtensionPaths: 
TpTrace Verbose: 0 : 23956, 2, 2025/09/22, 15:23:00.511, 8204480777626, datacollector.dll, TestPluginCache.DiscoverTestExtensions: Discovering the extensions using allExtensionPaths: C:\Program Files\dotnet\sdk\9.0.304\Extensions\Microsoft.TestPlatform.Extensions.BlameDataCollector.dll
C:\Program Files\dotnet\sdk\9.0.304\Extensions\Microsoft.TestPlatform.Extensions.EventLogCollector.dll
TpTrace Information: 0 : 23956, 2, 2025/09/22, 15:23:00.511, 8204480778325, datacollector.dll, AssemblyResolver.AddSearchDirectories: Adding more searchDirectories C:\Program Files\dotnet\sdk\9.0.304\Extensions,C:\Program Files\dotnet\sdk\9.0.304
TpTrace Information: 0 : 23956, 2, 2025/09/22, 15:23:00.511, 8204480778740, datacollector.dll, AssemblyResolver.AddSearchDirectories: Adding more searchDirectories C:\Program Files\dotnet\sdk\9.0.304\Extensions,C:\Program Files\dotnet\sdk\9.0.304
TpTrace Information: 0 : 23956, 2, 2025/09/22, 15:23:00.512, 8204480781685, datacollector.dll, AssemblyResolver.OnResolve: Microsoft.TestPlatform.Extensions.BlameDataCollector: Resolving assembly.
TpTrace Information: 0 : 23956, 2, 2025/09/22, 15:23:00.512, 8204480782263, datacollector.dll, AssemblyResolver.OnResolve: Microsoft.TestPlatform.Extensions.BlameDataCollector: Searching in: 'C:\Program Files\dotnet\sdk\9.0.304\Extensions'.
TpTrace Information: 0 : 23956, 2, 2025/09/22, 15:23:00.521, 8204480878513, datacollector.dll, AssemblyResolver.OnResolve: Microsoft.TestPlatform.Extensions.BlameDataCollector: Loading assembly 'C:\Program Files\dotnet\sdk\9.0.304\Extensions\Microsoft.TestPlatform.Extensions.BlameDataCollector.dll'.
TpTrace Information: 0 : 23956, 2, 2025/09/22, 15:23:00.522, 8204480882785, datacollector.dll, AssemblyResolver.OnResolve: Resolved assembly: Microsoft.TestPlatform.Extensions.BlameDataCollector, from path: C:\Program Files\dotnet\sdk\9.0.304\Extensions\Microsoft.TestPlatform.Extensions.BlameDataCollector.dll
TpTrace Verbose: 0 : 23956, 2, 2025/09/22, 15:23:00.522, 8204480888915, datacollector.dll, MetadataReaderExtensionsHelper: Discovering extensions inside assembly 'Microsoft.TestPlatform.Extensions.BlameDataCollector, Version=15.0.0.0, Culture=neutral, PublicKeyToken=b03f5f7f11d50a3a' file path 'C:\Program Files\dotnet\sdk\9.0.304\Extensions\Microsoft.TestPlatform.Extensions.BlameDataCollector.dll'
TpTrace Error: 0 : 23956, 2, 2025/09/22, 15:23:00.524, 8204480905102, datacollector.dll, The type "Microsoft.TestPlatform.Extensions.BlameDataCollector.BlameCollector" defined in "Microsoft.TestPlatform.Extensions.BlameDataCollector.dll" does not have ExtensionUri attribute.
TpTrace Information: 0 : 23956, 2, 2025/09/22, 15:23:00.526, 8204480928204, datacollector.dll, GetTestExtensionFromType: Register extension with identifier data 'datacollector://microsoft/TestPlatform/Extensions/Blame/v1' and type 'Microsoft.TestPlatform.Extensions.BlameDataCollector.BlameCollector, Microsoft.TestPlatform.Extensions.BlameDataCollector, Version=15.0.0.0, Culture=neutral, PublicKeyToken=b03f5f7f11d50a3a' inside file 'C:\Program Files\dotnet\sdk\9.0.304\Extensions\Microsoft.TestPlatform.Extensions.BlameDataCollector.dll'
TpTrace Information: 0 : 23956, 2, 2025/09/22, 15:23:00.526, 8204480928938, datacollector.dll, AssemblyResolver.OnResolve: Microsoft.TestPlatform.Extensions.EventLogCollector: Resolving assembly.
TpTrace Information: 0 : 23956, 2, 2025/09/22, 15:23:00.526, 8204480929316, datacollector.dll, AssemblyResolver.OnResolve: Microsoft.TestPlatform.Extensions.EventLogCollector: Searching in: 'C:\Program Files\dotnet\sdk\9.0.304\Extensions'.
TpTrace Information: 0 : 23956, 2, 2025/09/22, 15:23:00.527, 8204480932743, datacollector.dll, AssemblyResolver.OnResolve: Microsoft.TestPlatform.Extensions.EventLogCollector: Loading assembly 'C:\Program Files\dotnet\sdk\9.0.304\Extensions\Microsoft.TestPlatform.Extensions.EventLogCollector.dll'.
TpTrace Information: 0 : 23956, 2, 2025/09/22, 15:23:00.527, 8204480936209, datacollector.dll, AssemblyResolver.OnResolve: Resolved assembly: Microsoft.TestPlatform.Extensions.EventLogCollector, from path: C:\Program Files\dotnet\sdk\9.0.304\Extensions\Microsoft.TestPlatform.Extensions.EventLogCollector.dll
TpTrace Verbose: 0 : 23956, 2, 2025/09/22, 15:23:00.527, 8204480936900, datacollector.dll, MetadataReaderExtensionsHelper: Discovering extensions inside assembly 'Microsoft.TestPlatform.Extensions.EventLogCollector, Version=15.0.0.0, Culture=neutral, PublicKeyToken=b03f5f7f11d50a3a' file path 'C:\Program Files\dotnet\sdk\9.0.304\Extensions\Microsoft.TestPlatform.Extensions.EventLogCollector.dll'
TpTrace Error: 0 : 23956, 2, 2025/09/22, 15:23:00.529, 8204480953243, datacollector.dll, The type "Microsoft.TestPlatform.Extensions.EventLogCollector.EventLogDataCollector" defined in "Microsoft.TestPlatform.Extensions.EventLogCollector.dll" does not have ExtensionUri attribute.
TpTrace Information: 0 : 23956, 2, 2025/09/22, 15:23:00.529, 8204480955169, datacollector.dll, GetTestExtensionFromType: Register extension with identifier data 'datacollector://microsoft/EventLog/2.0' and type 'Microsoft.TestPlatform.Extensions.EventLogCollector.EventLogDataCollector, Microsoft.TestPlatform.Extensions.EventLogCollector, Version=15.0.0.0, Culture=neutral, PublicKeyToken=b03f5f7f11d50a3a' inside file 'C:\Program Files\dotnet\sdk\9.0.304\Extensions\Microsoft.TestPlatform.Extensions.EventLogCollector.dll'
TpTrace Verbose: 0 : 23956, 2, 2025/09/22, 15:23:00.529, 8204480956783, datacollector.dll, TestPluginCache: Discovered the extensions using extension path 'C:\Program Files\dotnet\sdk\9.0.304\Extensions\Microsoft.TestPlatform.Extensions.BlameDataCollector.dll,C:\Program Files\dotnet\sdk\9.0.304\Extensions\Microsoft.TestPlatform.Extensions.EventLogCollector.dll'.
TpTrace Verbose: 0 : 23956, 2, 2025/09/22, 15:23:00.529, 8204480957167, datacollector.dll, TestPluginCache: Discoverers are ''.
TpTrace Verbose: 0 : 23956, 2, 2025/09/22, 15:23:00.529, 8204480957402, datacollector.dll, TestPluginCache: Executors are ''.
TpTrace Verbose: 0 : 23956, 2, 2025/09/22, 15:23:00.529, 8204480957601, datacollector.dll, TestPluginCache: Executors2 are ''.
TpTrace Verbose: 0 : 23956, 2, 2025/09/22, 15:23:00.529, 8204480957823, datacollector.dll, TestPluginCache: Setting providers are ''.
TpTrace Verbose: 0 : 23956, 2, 2025/09/22, 15:23:00.529, 8204480958039, datacollector.dll, TestPluginCache: Loggers are ''.
TpTrace Verbose: 0 : 23956, 2, 2025/09/22, 15:23:00.529, 8204480958241, datacollector.dll, TestPluginCache: TestHosts are ''.
TpTrace Verbose: 0 : 23956, 2, 2025/09/22, 15:23:00.529, 8204480959444, datacollector.dll, TestPluginCache: DataCollectors are 'datacollector://microsoft/TestPlatform/Extensions/Blame/v1,datacollector://microsoft/EventLog/2.0'.
TpTrace Information: 0 : 23956, 2, 2025/09/22, 15:23:00.531, 8204480976123, datacollector.dll, TestPluginManager.CreateTestExtension: Attempting to load test extension: Microsoft.TestPlatform.Extensions.BlameDataCollector.BlameCollector
TpTrace Information: 0 : 23956, 2, 2025/09/22, 15:23:00.533, 8204480998651, datacollector.dll, [MonitorPostmortemDump]Monitor enabled: 'False'
TpTrace Verbose: 0 : 23956, 2, 2025/09/22, 15:23:00.534, 8204481003608, datacollector.dll, MulticastDelegateUtilities.SafeInvoke: DataCollectionEvents.SessionStart: Invoking callbacks was skipped because there are no subscribers.
TpTrace Information: 0 : 23956, 2, 2025/09/22, 15:23:00.534, 8204481007748, datacollector.dll, Listening on Endpoint : 127.0.0.1:53162
TpTrace Information: 0 : 23956, 2, 2025/09/22, 15:23:00.538, 8204481048718, datacollector.dll, DataCollectionRequestHandler.ProcessRequests : DataCollection started.
TpTrace Information: 0 : 23956, 2, 2025/09/22, 15:23:00.547, 8204481136225, datacollector.dll, DataCollectionRequestHandler.ProcessRequests: Datacollector received message: (DataCollection.TestHostLaunched) -> {"MessageType":"DataCollection.TestHostLaunched","Payload":{"ProcessId":29568}}
TpTrace Verbose: 0 : 23956, 2, 2025/09/22, 15:23:00.548, 8204481147021, datacollector.dll, MulticastDelegateUtilities.SafeInvoke: DataCollectionEvents.TestHostLaunched: Invoking callback 1/1 for Microsoft.TestPlatform.Extensions.BlameDataCollector.BlameCollector., took 0 ms.
TpTrace Information: 0 : 23956, 8, 2025/09/22, 15:23:00.671, 8204482380183, datacollector.dll, Using the buffer size of 16384 bytes
TpTrace Information: 0 : 23956, 8, 2025/09/22, 15:23:00.671, 8204482380864, datacollector.dll, Accepted Client request and set the flag
TpTrace Verbose: 0 : 23956, 6, 2025/09/22, 15:23:00.671, 8204482380283, datacollector.dll, SocketCommunicationManager.WaitForClientConnection took: 134 ms, with 90000 ms timeout, and finished with True.
TpTrace Information: 0 : 23956, 6, 2025/09/22, 15:23:00.980, 8204485470346, datacollector.dll, DataCollectionTestCaseEventHandler: Test case starting.
TpTrace Information: 0 : 23956, 6, 2025/09/22, 15:23:00.988, 8204485542260, datacollector.dll, BlameCollector.EventsTestCaseStart: Test Case Start
TpTrace Verbose: 0 : 23956, 6, 2025/09/22, 15:23:00.988, 8204485543575, datacollector.dll, MulticastDelegateUtilities.SafeInvoke: DataCollectionEvents.TestCaseStart: Invoking callback 1/1 for Microsoft.TestPlatform.Extensions.BlameDataCollector.BlameCollector., took 0 ms.
TpTrace Information: 0 : 23956, 6, 2025/09/22, 15:23:00.988, 8204485545091, datacollector.dll, DataCollectionTestCaseEventHandler: Test case 'MerchantProfilesLookup_FilterMerchants_DisplayFilteredMerchants - 30d5bb5d-9568-2d0c-1567-5bd7bf82f68f' started.
TpTrace Information: 0 : 23956, 6, 2025/09/22, 15:23:09.767, 8204573336017, datacollector.dll, DataCollectionTestCaseEventHandler: Test case completing.
TpTrace Information: 0 : 23956, 6, 2025/09/22, 15:23:09.770, 8204573365343, datacollector.dll, BlameCollector.EventsTestCaseEnd: Test Case End
TpTrace Verbose: 0 : 23956, 6, 2025/09/22, 15:23:09.770, 8204573367024, datacollector.dll, MulticastDelegateUtilities.SafeInvoke: DataCollectionEvents.TestCaseEnd: Invoking callback 1/1 for Microsoft.TestPlatform.Extensions.BlameDataCollector.BlameCollector., took 0 ms.
TpTrace Information: 0 : 23956, 6, 2025/09/22, 15:23:09.771, 8204573379965, datacollector.dll, DataCollectionTestCaseEventHandler: Test case 'MerchantProfilesLookup_FilterMerchants_DisplayFilteredMerchants - 30d5bb5d-9568-2d0c-1567-5bd7bf82f68f' completed
TpTrace Information: 0 : 23956, 6, 2025/09/22, 15:23:09.782, 8204573490649, datacollector.dll, DataCollectionTestCaseEventHandler: Test case starting.
TpTrace Information: 0 : 23956, 6, 2025/09/22, 15:23:09.783, 8204573497403, datacollector.dll, BlameCollector.EventsTestCaseStart: Test Case Start
TpTrace Verbose: 0 : 23956, 6, 2025/09/22, 15:23:09.783, 8204573498006, datacollector.dll, MulticastDelegateUtilities.SafeInvoke: DataCollectionEvents.TestCaseStart: Invoking callback 1/1 for Microsoft.TestPlatform.Extensions.BlameDataCollector.BlameCollector., took 0 ms.
TpTrace Information: 0 : 23956, 6, 2025/09/22, 15:23:09.783, 8204573499027, datacollector.dll, DataCollectionTestCaseEventHandler: Test case 'SignIn_InvalidPassword_ErrorMessage - 1d138616-26a8-8378-1bb0-e830bc21462a' started.
TpTrace Information: 0 : 23956, 6, 2025/09/22, 15:23:11.707, 8204592733000, datacollector.dll, DataCollectionTestCaseEventHandler: Test case completing.
TpTrace Information: 0 : 23956, 6, 2025/09/22, 15:23:11.707, 8204592740353, datacollector.dll, BlameCollector.EventsTestCaseEnd: Test Case End
TpTrace Verbose: 0 : 23956, 6, 2025/09/22, 15:23:11.707, 8204592741107, datacollector.dll, MulticastDelegateUtilities.SafeInvoke: DataCollectionEvents.TestCaseEnd: Invoking callback 1/1 for Microsoft.TestPlatform.Extensions.BlameDataCollector.BlameCollector., took 0 ms.
TpTrace Information: 0 : 23956, 6, 2025/09/22, 15:23:11.708, 8204592743514, datacollector.dll, DataCollectionTestCaseEventHandler: Test case 'SignIn_InvalidPassword_ErrorMessage - 1d138616-26a8-8378-1bb0-e830bc21462a' completed
TpTrace Information: 0 : 23956, 6, 2025/09/22, 15:23:11.710, 8204592771065, datacollector.dll, DataCollectionTestCaseEventHandler: Test case starting.
TpTrace Information: 0 : 23956, 6, 2025/09/22, 15:23:11.711, 8204592774956, datacollector.dll, BlameCollector.EventsTestCaseStart: Test Case Start
TpTrace Verbose: 0 : 23956, 6, 2025/09/22, 15:23:11.711, 8204592775625, datacollector.dll, MulticastDelegateUtilities.SafeInvoke: DataCollectionEvents.TestCaseStart: Invoking callback 1/1 for Microsoft.TestPlatform.Extensions.BlameDataCollector.BlameCollector., took 0 ms.
TpTrace Information: 0 : 23956, 6, 2025/09/22, 15:23:11.711, 8204592777190, datacollector.dll, DataCollectionTestCaseEventHandler: Test case 'SignIn_InvalidUsername_ErrorMessage - 75706411-ca80-5f69-3353-a87307103444' started.
TpTrace Information: 0 : 23956, 6, 2025/09/22, 15:23:13.636, 8204612026784, datacollector.dll, DataCollectionTestCaseEventHandler: Test case completing.
TpTrace Information: 0 : 23956, 6, 2025/09/22, 15:23:13.636, 8204612031060, datacollector.dll, BlameCollector.EventsTestCaseEnd: Test Case End
TpTrace Verbose: 0 : 23956, 6, 2025/09/22, 15:23:13.637, 8204612031596, datacollector.dll, MulticastDelegateUtilities.SafeInvoke: DataCollectionEvents.TestCaseEnd: Invoking callback 1/1 for Microsoft.TestPlatform.Extensions.BlameDataCollector.BlameCollector., took 0 ms.
TpTrace Information: 0 : 23956, 6, 2025/09/22, 15:23:13.637, 8204612032691, datacollector.dll, DataCollectionTestCaseEventHandler: Test case 'SignIn_InvalidUsername_ErrorMessage - 75706411-ca80-5f69-3353-a87307103444' completed
TpTrace Information: 0 : 23956, 6, 2025/09/22, 15:23:13.638, 8204612047006, datacollector.dll, DataCollectionTestCaseEventHandler: Test case starting.
TpTrace Information: 0 : 23956, 6, 2025/09/22, 15:23:13.639, 8204612052284, datacollector.dll, BlameCollector.EventsTestCaseStart: Test Case Start
TpTrace Verbose: 0 : 23956, 6, 2025/09/22, 15:23:13.639, 8204612053493, datacollector.dll, MulticastDelegateUtilities.SafeInvoke: DataCollectionEvents.TestCaseStart: Invoking callback 1/1 for Microsoft.TestPlatform.Extensions.BlameDataCollector.BlameCollector., took 0 ms.
TpTrace Information: 0 : 23956, 6, 2025/09/22, 15:23:13.639, 8204612055097, datacollector.dll, DataCollectionTestCaseEventHandler: Test case 'SignIn_ValidCredentials_SuccessfulSignIn - 9df48537-7070-188c-0953-ff8ce55a3600' started.
TpTrace Information: 0 : 23956, 6, 2025/09/22, 15:23:16.777, 8204643438571, datacollector.dll, DataCollectionTestCaseEventHandler: Test case completing.
TpTrace Information: 0 : 23956, 6, 2025/09/22, 15:23:16.778, 8204643442315, datacollector.dll, BlameCollector.EventsTestCaseEnd: Test Case End
TpTrace Verbose: 0 : 23956, 6, 2025/09/22, 15:23:16.778, 8204643443293, datacollector.dll, MulticastDelegateUtilities.SafeInvoke: DataCollectionEvents.TestCaseEnd: Invoking callback 1/1 for Microsoft.TestPlatform.Extensions.BlameDataCollector.BlameCollector., took 0 ms.
TpTrace Information: 0 : 23956, 6, 2025/09/22, 15:23:16.778, 8204643444782, datacollector.dll, DataCollectionTestCaseEventHandler: Test case 'SignIn_ValidCredentials_SuccessfulSignIn - 9df48537-7070-188c-0953-ff8ce55a3600' completed
TpTrace Information: 0 : 23956, 6, 2025/09/22, 15:23:16.779, 8204643457121, datacollector.dll, DataCollectionTestCaseEventHandler: Test case starting.
TpTrace Information: 0 : 23956, 6, 2025/09/22, 15:23:16.780, 8204643462270, datacollector.dll, BlameCollector.EventsTestCaseStart: Test Case Start
TpTrace Verbose: 0 : 23956, 6, 2025/09/22, 15:23:16.780, 8204643463465, datacollector.dll, MulticastDelegateUtilities.SafeInvoke: DataCollectionEvents.TestCaseStart: Invoking callback 1/1 for Microsoft.TestPlatform.Extensions.BlameDataCollector.BlameCollector., took 0 ms.
TpTrace Information: 0 : 23956, 6, 2025/09/22, 15:23:16.780, 8204643467193, datacollector.dll, DataCollectionTestCaseEventHandler: Test case 'SignIn_ValidCredentialsWith2FA_6DigitScreenAppears - 113290f1-28d2-b4e5-8642-09c27e899f77' started.
TpTrace Information: 0 : 23956, 6, 2025/09/22, 15:23:20.146, 8204677125603, datacollector.dll, DataCollectionTestCaseEventHandler: Test case completing.
TpTrace Information: 0 : 23956, 6, 2025/09/22, 15:23:20.146, 8204677129224, datacollector.dll, BlameCollector.EventsTestCaseEnd: Test Case End
TpTrace Verbose: 0 : 23956, 6, 2025/09/22, 15:23:20.146, 8204677129727, datacollector.dll, MulticastDelegateUtilities.SafeInvoke: DataCollectionEvents.TestCaseEnd: Invoking callback 1/1 for Microsoft.TestPlatform.Extensions.BlameDataCollector.BlameCollector., took 0 ms.
TpTrace Information: 0 : 23956, 6, 2025/09/22, 15:23:20.147, 8204677131504, datacollector.dll, DataCollectionTestCaseEventHandler: Test case 'SignIn_ValidCredentialsWith2FA_6DigitScreenAppears - 113290f1-28d2-b4e5-8642-09c27e899f77' completed
TpTrace Information: 0 : 23956, 6, 2025/09/22, 15:23:20.153, 8204677195358, datacollector.dll, DataCollectionTestCaseEventHandler: Test session ended
TpTrace Information: 0 : 23956, 2, 2025/09/22, 15:23:20.194, 8204677607150, datacollector.dll, DataCollectionRequestHandler.ProcessRequests: Datacollector received message: (DataCollection.AfterTestRunEnd) -> {"MessageType":"DataCollection.AfterTestRunEnd","Payload":false}
TpTrace Information: 0 : 23956, 2, 2025/09/22, 15:23:20.195, 8204677616993, datacollector.dll, Blame Collector: Session End
TpTrace Information: 0 : 23956, 2, 2025/09/22, 15:23:20.195, 8204677617610, datacollector.dll, BlameCollector.CollectDumpAndAbortTesthost: Custom path to dump directory was provided via VSTEST_DUMP_PATH. Skipping attachment upload, the caller is responsible for collecting and uploading the dumps themselves.
TpTrace Verbose: 0 : 23956, 2, 2025/09/22, 15:23:20.195, 8204677618478, datacollector.dll, MulticastDelegateUtilities.SafeInvoke: DataCollectionEvents.SessionEnd: Invoking callback 1/1 for Microsoft.TestPlatform.Extensions.BlameDataCollector.BlameCollector., took 0 ms.
TpTrace Information: 0 : 23956, 2, 2025/09/22, 15:23:20.196, 8204677623583, datacollector.dll, DataCollectionManager.CleanupPlugins: CleanupPlugins called
TpTrace Verbose: 0 : 23956, 2, 2025/09/22, 15:23:20.196, 8204677623967, datacollector.dll, DataCollectionManager.CleanupPlugins: Cleaning up 1 plugins
TpTrace Verbose: 0 : 23956, 2, 2025/09/22, 15:23:20.196, 8204677624792, datacollector.dll, dataCollectorInfo.DisposeDataCollector: calling Dispose() on Microsoft.TestPlatform.Extensions.BlameDataCollector.BlameCollector
TpTrace Information: 0 : 23956, 2, 2025/09/22, 15:23:20.196, 8204677625571, datacollector.dll, DataCollectionManager.CleanupPlugins: CleanupPlugins finished
TpTrace Information: 0 : 23956, 2, 2025/09/22, 15:23:20.199, 8204677654522, datacollector.dll, DataCollectionRequestHandler.ProcessRequests : Session End message received from server. Closing the connection.
TpTrace Information: 0 : 23956, 2, 2025/09/22, 15:23:20.199, 8204677656158, datacollector.dll, Closing the connection !
TpTrace Information: 0 : 23956, 2, 2025/09/22, 15:23:20.199, 8204677656450, datacollector.dll, DataCollectionRequestHandler.ProcessRequests : DataCollection completed
TpTrace Information: 0 : 23956, 2, 2025/09/22, 15:23:20.199, 8204677656712, datacollector.dll, Program.Main: exiting datacollector process.
